Archive member included to satisfy reference by file (symbol)

.\CortexM3\ARM_GCC_541\Debug\HRMon.a(Seven_Segment_Reg.o)
                              .\CortexM3\ARM_GCC_541\Debug\main.o (Seven_Segment_Reg_Write)
.\CortexM3\ARM_GCC_541\Debug\HRMon.a(CyLib.o)
                              .\CortexM3\ARM_GCC_541\Debug\Cm3Start.o (CyHalt)
.\CortexM3\ARM_GCC_541\Debug\HRMon.a(cyPm.o)
                              .\CortexM3\ARM_GCC_541\Debug\HRMon.a(CyLib.o) (CyPmReadStatus)
.\CortexM3\ARM_GCC_541\Debug\HRMon.a(Digit_Reg.o)
                              .\CortexM3\ARM_GCC_541\Debug\main.o (Digit_Reg_Write)
.\CortexM3\ARM_GCC_541\Debug\HRMon.a(EEPROM.o)
                              .\CortexM3\ARM_GCC_541\Debug\main.o (EEPROM_Start)
.\CortexM3\ARM_GCC_541\Debug\HRMon.a(isr_1.o)
                              .\CortexM3\ARM_GCC_541\Debug\main.o (isr_1_StartEx)
.\CortexM3\ARM_GCC_541\Debug\HRMon.a(One_Hz_Timer.o)
                              .\CortexM3\ARM_GCC_541\Debug\main.o (One_Hz_Timer_Start)
.\CortexM3\ARM_GCC_541\Debug\HRMon.a(CyBootAsmGnu.o)
                              .\CortexM3\ARM_GCC_541\Debug\cyfitter_cfg.o (CyDelayCycles)
.\CortexM3\ARM_GCC_541\Debug\HRMon.a(CyFlash.o)
                              .\CortexM3\ARM_GCC_541\Debug\HRMon.a(EEPROM.o) (dieTemperature)
.\CortexM3\ARM_GCC_541\Debug\HRMon.a(CySpc.o)
                              .\CortexM3\ARM_GCC_541\Debug\HRMon.a(EEPROM.o) (CySpcStart)
c:/program files (x86)/cypress/psoc creator/4.4/psoc creator/import/gnu/arm/5.4.1/bin/../lib/gcc/arm-none-eabi/5.4.1/../../../../arm-none-eabi/lib/armv7-m\libm.a(lib_a-powl.o)
                              .\CortexM3\ARM_GCC_541\Debug\main.o (powl)
c:/program files (x86)/cypress/psoc creator/4.4/psoc creator/import/gnu/arm/5.4.1/bin/../lib/gcc/arm-none-eabi/5.4.1/../../../../arm-none-eabi/lib/armv7-m\libm.a(lib_a-w_pow.o)
                              c:/program files (x86)/cypress/psoc creator/4.4/psoc creator/import/gnu/arm/5.4.1/bin/../lib/gcc/arm-none-eabi/5.4.1/../../../../arm-none-eabi/lib/armv7-m\libm.a(lib_a-powl.o) (pow)
c:/program files (x86)/cypress/psoc creator/4.4/psoc creator/import/gnu/arm/5.4.1/bin/../lib/gcc/arm-none-eabi/5.4.1/../../../../arm-none-eabi/lib/armv7-m\libm.a(lib_a-e_pow.o)
                              c:/program files (x86)/cypress/psoc creator/4.4/psoc creator/import/gnu/arm/5.4.1/bin/../lib/gcc/arm-none-eabi/5.4.1/../../../../arm-none-eabi/lib/armv7-m\libm.a(lib_a-w_pow.o) (__ieee754_pow)
c:/program files (x86)/cypress/psoc creator/4.4/psoc creator/import/gnu/arm/5.4.1/bin/../lib/gcc/arm-none-eabi/5.4.1/../../../../arm-none-eabi/lib/armv7-m\libm.a(lib_a-e_sqrt.o)
                              c:/program files (x86)/cypress/psoc creator/4.4/psoc creator/import/gnu/arm/5.4.1/bin/../lib/gcc/arm-none-eabi/5.4.1/../../../../arm-none-eabi/lib/armv7-m\libm.a(lib_a-e_pow.o) (__ieee754_sqrt)
c:/program files (x86)/cypress/psoc creator/4.4/psoc creator/import/gnu/arm/5.4.1/bin/../lib/gcc/arm-none-eabi/5.4.1/../../../../arm-none-eabi/lib/armv7-m\libm.a(lib_a-s_fabs.o)
                              c:/program files (x86)/cypress/psoc creator/4.4/psoc creator/import/gnu/arm/5.4.1/bin/../lib/gcc/arm-none-eabi/5.4.1/../../../../arm-none-eabi/lib/armv7-m\libm.a(lib_a-e_pow.o) (fabs)
c:/program files (x86)/cypress/psoc creator/4.4/psoc creator/import/gnu/arm/5.4.1/bin/../lib/gcc/arm-none-eabi/5.4.1/../../../../arm-none-eabi/lib/armv7-m\libm.a(lib_a-s_finite.o)
                              c:/program files (x86)/cypress/psoc creator/4.4/psoc creator/import/gnu/arm/5.4.1/bin/../lib/gcc/arm-none-eabi/5.4.1/../../../../arm-none-eabi/lib/armv7-m\libm.a(lib_a-w_pow.o) (finite)
c:/program files (x86)/cypress/psoc creator/4.4/psoc creator/import/gnu/arm/5.4.1/bin/../lib/gcc/arm-none-eabi/5.4.1/../../../../arm-none-eabi/lib/armv7-m\libm.a(lib_a-s_lib_ver.o)
                              c:/program files (x86)/cypress/psoc creator/4.4/psoc creator/import/gnu/arm/5.4.1/bin/../lib/gcc/arm-none-eabi/5.4.1/../../../../arm-none-eabi/lib/armv7-m\libm.a(lib_a-w_pow.o) (__fdlib_version)
c:/program files (x86)/cypress/psoc creator/4.4/psoc creator/import/gnu/arm/5.4.1/bin/../lib/gcc/arm-none-eabi/5.4.1/../../../../arm-none-eabi/lib/armv7-m\libm.a(lib_a-s_matherr.o)
                              c:/program files (x86)/cypress/psoc creator/4.4/psoc creator/import/gnu/arm/5.4.1/bin/../lib/gcc/arm-none-eabi/5.4.1/../../../../arm-none-eabi/lib/armv7-m\libm.a(lib_a-w_pow.o) (matherr)
c:/program files (x86)/cypress/psoc creator/4.4/psoc creator/import/gnu/arm/5.4.1/bin/../lib/gcc/arm-none-eabi/5.4.1/../../../../arm-none-eabi/lib/armv7-m\libm.a(lib_a-s_nan.o)
                              c:/program files (x86)/cypress/psoc creator/4.4/psoc creator/import/gnu/arm/5.4.1/bin/../lib/gcc/arm-none-eabi/5.4.1/../../../../arm-none-eabi/lib/armv7-m\libm.a(lib_a-e_pow.o) (nan)
[...]
Memory Configuration

Name             Origin             Length             Attributes
rom              0x00000000         0x00040000         xr
ram              0x1fff8000         0x00010000         xrw
*default*        0x00000000         0xffffffff

Linker script and memory map

LOAD c:/program files (x86)/cypress/psoc creator/4.4/psoc creator/import/gnu/arm/5.4.1/bin/../lib/gcc/arm-none-eabi/5.4.1/armv7-m/crti.o
LOAD c:/program files (x86)/cypress/psoc creator/4.4/psoc creator/import/gnu/arm/5.4.1/bin/../lib/gcc/arm-none-eabi/5.4.1/armv7-m/crtbegin.o
LOAD c:/program files (x86)/cypress/psoc creator/4.4/psoc creator/import/gnu/arm/5.4.1/bin/../lib/gcc/arm-none-eabi/5.4.1/../../../../arm-none-eabi/lib/armv7-m/crt0.o
START GROUP
LOAD .\CortexM3\ARM_GCC_541\Debug\main.o
LOAD .\CortexM3\ARM_GCC_541\Debug\cyfitter_cfg.o
LOAD .\CortexM3\ARM_GCC_541\Debug\cymetadata.o
LOAD .\CortexM3\ARM_GCC_541\Debug\Cm3Start.o
LOAD .\CortexM3\ARM_GCC_541\Debug\HRMon.a
LOAD C:\Program Files (x86)\Cypress\PSoC Creator\4.4\PSoC Creator\psoc\content\cycomponentlibrary\CyComponentLibrary.cylib\CortexM3\ARM_GCC_541\Debug\CyComponentLibrary.a
LOAD c:/program files (x86)/cypress/psoc creator/4.4/psoc creator/import/gnu/arm/5.4.1/bin/../lib/gcc/arm-none-eabi/5.4.1/../../../../arm-none-eabi/lib/armv7-m\libm.a
END GROUP
START GROUP
LOAD c:/program files (x86)/cypress/psoc creator/4.4/psoc creator/import/gnu/arm/5.4.1/bin/../lib/gcc/arm-none-eabi/5.4.1/armv7-m\libgcc.a
LOAD c:/program files (x86)/cypress/psoc creator/4.4/psoc creator/import/gnu/arm/5.4.1/bin/../lib/gcc/arm-none-eabi/5.4.1/../../../../arm-none-eabi/lib/armv7-m\libg_nano.a
LOAD c:/program files (x86)/cypress/psoc creator/4.4/psoc creator/import/gnu/arm/5.4.1/bin/../lib/gcc/arm-none-eabi/5.4.1/../../../../arm-none-eabi/lib/armv7-m\libc_nano.a
END GROUP
START GROUP
LOAD c:/program files (x86)/cypress/psoc creator/4.4/psoc creator/import/gnu/arm/5.4.1/bin/../lib/gcc/arm-none-eabi/5.4.1/armv7-m\libgcc.a
LOAD c:/program files (x86)/cypress/psoc creator/4.4/psoc creator/import/gnu/arm/5.4.1/bin/../lib/gcc/arm-none-eabi/5.4.1/../../../../arm-none-eabi/lib/armv7-m\libc_nano.a
END GROUP
LOAD c:/program files (x86)/cypress/psoc creator/4.4/psoc creator/import/gnu/arm/5.4.1/bin/../lib/gcc/arm-none-eabi/5.4.1/armv7-m/crtend.o
LOAD c:/program files (x86)/cypress/psoc creator/4.4/psoc creator/import/gnu/arm/5.4.1/bin/../lib/gcc/arm-none-eabi/5.4.1/armv7-m/crtn.o
START GROUP
LOAD c:/program files (x86)/cypress/psoc creator/4.4/psoc creator/import/gnu/arm/5.4.1/bin/../lib/gcc/arm-none-eabi/5.4.1/armv7-m\libgcc.a
LOAD c:/program files (x86)/cypress/psoc creator/4.4/psoc creator/import/gnu/arm/5.4.1/bin/../lib/gcc/arm-none-eabi/5.4.1/../../../../arm-none-eabi/lib/armv7-m\libc.a
LOAD c:/program files (x86)/cypress/psoc creator/4.4/psoc creator/import/gnu/arm/5.4.1/bin/../lib/gcc/arm-none-eabi/5.4.1/../../../../arm-none-eabi/lib/armv7-m\libnosys.a
END GROUP
                0x00000000                CY_APPL_ORIGIN = 0x0
                0x00000100                CY_FLASH_ROW_SIZE = 0x100
                0x00000020                CY_ECC_ROW_SIZE = 0x20
                0x00000000                CY_EE_IN_BTLDR = 0x0
                0x00000000                CY_APPL_LOADABLE = 0x0
                0x00000800                CY_EE_SIZE = 0x800
                0x00000001                CY_APPL_NUM = 0x1
                0x00000001                CY_APPL_MAX = 0x1
                0x00000040                CY_METADATA_SIZE = 0x40
                0x00000000                CY_APPL_LOADABLE = 0x0
                0x00000000                CY_CHECKSUM_EXCLUDE_SIZE = ALIGN (0x0, CY_FLASH_ROW_SIZE)
                [!provide]                PROVIDE (__cy_heap_start, _end)
                0x00000001                PROVIDE (__cy_region_num, ((__cy_regions_end - __cy_regions) / 0x10))
                0x20008000                PROVIDE (__cy_stack, (ORIGIN (ram) + LENGTH (ram)))
                [!provide]                PROVIDE (__cy_heap_end, (__cy_stack - 0x800))

.cybootloader   0x00000000        0x0
 *(.cybootloader)
                0x00000000                appl1_start = CY_APPL_ORIGIN?CY_APPL_ORIGIN:ALIGN (CY_FLASH_ROW_SIZE)
                0x0001ff00                appl2_start = (appl1_start + ALIGN ((((LENGTH (rom) - appl1_start) - (0x2 * CY_FLASH_ROW_SIZE)) / 0x2), CY_FLASH_ROW_SIZE))
                0x00000000                appl_start = (CY_APPL_NUM == 0x1)?appl1_start:appl2_start
                0x00000000                ecc_offset = ((appl_start / CY_FLASH_ROW_SIZE) * CY_ECC_ROW_SIZE)
                0x00000000                ee_offset = (CY_APPL_LOADABLE && ! (CY_EE_IN_BTLDR))?((CY_EE_SIZE / CY_APPL_MAX) * (CY_APPL_NUM - 0x1)):0x0
                0x00000800                ee_size = (CY_APPL_LOADABLE && ! (CY_EE_IN_BTLDR))?(CY_EE_SIZE / CY_APPL_MAX):CY_EE_SIZE
                [!provide]                PROVIDE (CY_ECC_OFFSET, ecc_offset)

.text           0x00000000     0x24a2
 CREATE_OBJECT_SYMBOLS
                0x00000000                PROVIDE (__cy_interrupt_vector, RomVectors)
 *(.romvectors)
 .romvectors    0x00000000       0x10 .\CortexM3\ARM_GCC_541\Debug\Cm3Start.o
                0x00000000                RomVectors
                0x00000001                ASSERT ((. != __cy_interrupt_vector), No interrupt vector)
                0x00000001                ASSERT (CY_APPL_ORIGIN?(SIZEOF (.cybootloader) <= CY_APPL_ORIGIN):0x1, Wrong image location)
                0x00000010                PROVIDE (__cy_reset, Reset)
 *(.text.Reset)
 .text.Reset    0x00000010       0x18 .\CortexM3\ARM_GCC_541\Debug\Cm3Start.o
                0x00000010                Reset
                0x00000001                ASSERT ((. != __cy_reset), No reset code)
 *(.dma_init)
                0x00000001                ASSERT ((((appl_start + .) <= 0x10000) || 0x1), DMA Init must be within the first 64k of flash)
 *(.text .text.* .gnu.linkonce.t.*)
 .text          0x00000028       0x5c c:/program files (x86)/cypress/psoc creator/4.4/psoc creator/import/gnu/arm/5.4.1/bin/../lib/gcc/arm-none-eabi/5.4.1/armv7-m/crtbegin.o
 .text.sleepMode
                0x00000084        0x4 .\CortexM3\ARM_GCC_541\Debug\main.o
                0x00000084                sleepMode
 .text.getDigitIndex
                0x00000088       0x38 .\CortexM3\ARM_GCC_541\Debug\main.o
                0x00000088                getDigitIndex
 .text.saveDigitsToRAM
                0x000000c0       0xcc .\CortexM3\ARM_GCC_541\Debug\main.o
                0x000000c0                saveDigitsToRAM
 .text.writeDisplay
                0x0000018c       0x2c .\CortexM3\ARM_GCC_541\Debug\main.o
                0x0000018c                writeDisplay
 .text.main     0x000001b8       0x48 .\CortexM3\ARM_GCC_541\Debug\main.o
                0x000001b8                main
 .text.CyClockStartupError
                0x00000200        0x4 .\CortexM3\ARM_GCC_541\Debug\cyfitter_cfg.o
 .text.cfg_write_bytes32
                0x00000204       0x34 .\CortexM3\ARM_GCC_541\Debug\cyfitter_cfg.o
 .text.AnalogSetDefault
                0x00000238       0x28 .\CortexM3\ARM_GCC_541\Debug\cyfitter_cfg.o
 .text.CYMEMZERO
                0x00000260        0xc .\CortexM3\ARM_GCC_541\Debug\cyfitter_cfg.o
 .text.ClockSetup
                0x0000026c       0x9c .\CortexM3\ARM_GCC_541\Debug\cyfitter_cfg.o
 .text.CYCONFIGCPY
                0x00000308        0x8 .\CortexM3\ARM_GCC_541\Debug\cyfitter_cfg.o
 .text.cyfitter_cfg
                0x00000310       0xf0 .\CortexM3\ARM_GCC_541\Debug\cyfitter_cfg.o
                0x00000310                cyfitter_cfg
 .text.IntDefaultHandler
                0x00000400       0x10 .\CortexM3\ARM_GCC_541\Debug\Cm3Start.o
                0x00000400                IntDefaultHandler
 .text.Start_c  0x00000410       0x4c .\CortexM3\ARM_GCC_541\Debug\Cm3Start.o
                0x00000410                Start_c
 .text.initialize_psoc
                0x0000045c       0x68 .\CortexM3\ARM_GCC_541\Debug\Cm3Start.o
                0x0000045c                initialize_psoc
 .text.Seven_Segment_Reg_Write
                0x000004c4        0xc .\CortexM3\ARM_GCC_541\Debug\HRMon.a(Seven_Segment_Reg.o)
                0x000004c4                Seven_Segment_Reg_Write
 .text.CyDelay  0x000004d0       0x2c .\CortexM3\ARM_GCC_541\Debug\HRMon.a(CyLib.o)
                0x000004d0                CyDelay
 .text.CyDelayUs
                0x000004fc       0x14 .\CortexM3\ARM_GCC_541\Debug\HRMon.a(CyLib.o)
                0x000004fc                CyDelayUs
 .text.Digit_Reg_Write
                0x00000510        0xc .\CortexM3\ARM_GCC_541\Debug\HRMon.a(Digit_Reg.o)
                0x00000510                Digit_Reg_Write
 .text.EEPROM_Enable
                0x0000051c        0xc .\CortexM3\ARM_GCC_541\Debug\HRMon.a(EEPROM.o)
                0x0000051c                EEPROM_Enable
 .text.EEPROM_Start
                0x00000528        0x8 .\CortexM3\ARM_GCC_541\Debug\HRMon.a(EEPROM.o)
                0x00000528                EEPROM_Start
 .text.EEPROM_ReadByte
                0x00000530       0x28 .\CortexM3\ARM_GCC_541\Debug\HRMon.a(EEPROM.o)
                0x00000530                EEPROM_ReadByte
 .text.isr_1_SetVector
                0x00000558        0xc .\CortexM3\ARM_GCC_541\Debug\HRMon.a(isr_1.o)
                0x00000558                isr_1_SetVector
 .text.isr_1_SetPriority
                0x00000564       0x10 .\CortexM3\ARM_GCC_541\Debug\HRMon.a(isr_1.o)
                0x00000564                isr_1_SetPriority
 .text.isr_1_Enable
                0x00000574        0xc .\CortexM3\ARM_GCC_541\Debug\HRMon.a(isr_1.o)
                0x00000574                isr_1_Enable
 .text.isr_1_Disable
                0x00000580        0xc .\CortexM3\ARM_GCC_541\Debug\HRMon.a(isr_1.o)
                0x00000580                isr_1_Disable
 .text.isr_1_StartEx
                0x0000058c       0x1c .\CortexM3\ARM_GCC_541\Debug\HRMon.a(isr_1.o)
                0x0000058c                isr_1_StartEx
 .text.isr_1_ClearPending
                0x000005a8        0xc .\CortexM3\ARM_GCC_541\Debug\HRMon.a(isr_1.o)
                0x000005a8                isr_1_ClearPending
 .text.One_Hz_Timer_Enable
                0x000005b4       0x10 .\CortexM3\ARM_GCC_541\Debug\HRMon.a(One_Hz_Timer.o)
                0x000005b4                One_Hz_Timer_Enable
 .text.One_Hz_Timer_SetInterruptMode
                0x000005c4        0xc .\CortexM3\ARM_GCC_541\Debug\HRMon.a(One_Hz_Timer.o)
                0x000005c4                One_Hz_Timer_SetInterruptMode
 .text.One_Hz_Timer_ReadStatusRegister
                0x000005d0        0xc .\CortexM3\ARM_GCC_541\Debug\HRMon.a(One_Hz_Timer.o)
                0x000005d0                One_Hz_Timer_ReadStatusRegister
 .text.One_Hz_Timer_WritePeriod
                0x000005dc        0xc .\CortexM3\ARM_GCC_541\Debug\HRMon.a(One_Hz_Timer.o)
                0x000005dc                One_Hz_Timer_WritePeriod
 .text.One_Hz_Timer_ReadCapture
                0x000005e8        0xc .\CortexM3\ARM_GCC_541\Debug\HRMon.a(One_Hz_Timer.o)
                0x000005e8                One_Hz_Timer_ReadCapture
 .text.One_Hz_Timer_WriteCounter
                0x000005f4        0xc .\CortexM3\ARM_GCC_541\Debug\HRMon.a(One_Hz_Timer.o)
                0x000005f4                One_Hz_Timer_WriteCounter
 .text.One_Hz_Timer_ClearFIFO
                0x00000600       0x14 .\CortexM3\ARM_GCC_541\Debug\HRMon.a(One_Hz_Timer.o)
                0x00000600                One_Hz_Timer_ClearFIFO
 .text.One_Hz_Timer_Init
                0x00000614       0x34 .\CortexM3\ARM_GCC_541\Debug\HRMon.a(One_Hz_Timer.o)
                0x00000614                One_Hz_Timer_Init
 .text.One_Hz_Timer_Start
                0x00000648       0x1c .\CortexM3\ARM_GCC_541\Debug\HRMon.a(One_Hz_Timer.o)
                0x00000648                One_Hz_Timer_Start
 *fill*         0x00000664        0x4 
 .text          0x00000668       0x20 .\CortexM3\ARM_GCC_541\Debug\HRMon.a(CyBootAsmGnu.o)
                0x00000668                CyDelayCycles
                0x00000678                CyEnterCriticalSection
                0x00000680                CyExitCriticalSection
 .text.CySetTempInt
                0x00000688       0x60 .\CortexM3\ARM_GCC_541\Debug\HRMon.a(CyFlash.o)
 .text.CyFlashGetSpcAlgorithm
                0x000006e8       0x4c .\CortexM3\ARM_GCC_541\Debug\HRMon.a(CyFlash.o)
                0x000006e8                CyFlashGetSpcAlgorithm
 .text.CySetTemp
                0x00000734       0x14 .\CortexM3\ARM_GCC_541\Debug\HRMon.a(CyFlash.o)
                0x00000734                CySetTemp
 .text.CyEEPROM_Start
                0x00000748       0x54 .\CortexM3\ARM_GCC_541\Debug\HRMon.a(CyFlash.o)
                0x00000748                CyEEPROM_Start
 .text.CyEEPROM_ReadReserve
                0x0000079c       0x1c .\CortexM3\ARM_GCC_541\Debug\HRMon.a(CyFlash.o)
                0x0000079c                CyEEPROM_ReadReserve
 .text.CyEEPROM_ReadRelease
                0x000007b8       0x10 .\CortexM3\ARM_GCC_541\Debug\HRMon.a(CyFlash.o)
                0x000007b8                CyEEPROM_ReadRelease
 .text.CySpcStart
                0x000007c8       0x24 .\CortexM3\ARM_GCC_541\Debug\HRMon.a(CySpc.o)
                0x000007c8                CySpcStart
 .text.CySpcReadData
                0x000007ec       0x34 .\CortexM3\ARM_GCC_541\Debug\HRMon.a(CySpc.o)
                0x000007ec                CySpcReadData
 .text.CySpcGetTemp
                0x00000820       0x3c .\CortexM3\ARM_GCC_541\Debug\HRMon.a(CySpc.o)
                0x00000820                CySpcGetTemp
 .text.CySpcLock
                0x0000085c       0x4c .\CortexM3\ARM_GCC_541\Debug\HRMon.a(CySpc.o)
                0x0000085c                CySpcLock
 .text.CySpcUnlock
                0x000008a8       0x38 .\CortexM3\ARM_GCC_541\Debug\HRMon.a(CySpc.o)
                0x000008a8                CySpcUnlock
 .text.CySpcGetAlgorithm
                0x000008e0       0x28 .\CortexM3\ARM_GCC_541\Debug\HRMon.a(CySpc.o)
                0x000008e0                CySpcGetAlgorithm
 .text.powl     0x00000908        0x4 c:/program files (x86)/cypress/psoc creator/4.4/psoc creator/import/gnu/arm/5.4.1/bin/../lib/gcc/arm-none-eabi/5.4.1/../../../../arm-none-eabi/lib/armv7-m\libm.a(lib_a-powl.o)
                0x00000908                powl
 .text.pow      0x0000090c      0x330 c:/program files (x86)/cypress/psoc creator/4.4/psoc creator/import/gnu/arm/5.4.1/bin/../lib/gcc/arm-none-eabi/5.4.1/../../../../arm-none-eabi/lib/armv7-m\libm.a(lib_a-w_pow.o)
                0x0000090c                pow
 *fill*         0x00000c3c        0x4 
 .text.__ieee754_pow
                0x00000c40      0xac4 c:/program files (x86)/cypress/psoc creator/4.4/psoc creator/import/gnu/arm/5.4.1/bin/../lib/gcc/arm-none-eabi/5.4.1/../../../../arm-none-eabi/lib/armv7-m\libm.a(lib_a-e_pow.o)
                0x00000c40                __ieee754_pow
 .text.__ieee754_sqrt
                0x00001704      0x188 c:/program files (x86)/cypress/psoc creator/4.4/psoc creator/import/gnu/arm/5.4.1/bin/../lib/gcc/arm-none-eabi/5.4.1/../../../../arm-none-eabi/lib/armv7-m\libm.a(lib_a-e_sqrt.o)
                0x00001704                __ieee754_sqrt
 .text.fabs     0x0000188c        0x8 c:/program files (x86)/cypress/psoc creator/4.4/psoc creator/import/gnu/arm/5.4.1/bin/../lib/gcc/arm-none-eabi/5.4.1/../../../../arm-none-eabi/lib/armv7-m\libm.a(lib_a-s_fabs.o)
                0x0000188c                fabs
 .text.finite   0x00001894        0xc c:/program files (x86)/cypress/psoc creator/4.4/psoc creator/import/gnu/arm/5.4.1/bin/../lib/gcc/arm-none-eabi/5.4.1/../../../../arm-none-eabi/lib/armv7-m\libm.a(lib_a-s_finite.o)
                0x00001894                finite
 .text.matherr  0x000018a0        0x4 c:/program files (x86)/cypress/psoc creator/4.4/psoc creator/import/gnu/arm/5.4.1/bin/../lib/gcc/arm-none-eabi/5.4.1/../../../../arm-none-eabi/lib/armv7-m\libm.a(lib_a-s_matherr.o)
                0x000018a0                matherr
 .text.nan      0x000018a4        0xc c:/program files (x86)/cypress/psoc creator/4.4/psoc creator/import/gnu/arm/5.4.1/bin/../lib/gcc/arm-none-eabi/5.4.1/../../../../arm-none-eabi/lib/armv7-m\libm.a(lib_a-s_nan.o)
                0x000018a4                nan
 .text.rint     0x000018b0      0x120 c:/program files (x86)/cypress/psoc creator/4.4/psoc creator/import/gnu/arm/5.4.1/bin/../lib/gcc/arm-none-eabi/5.4.1/../../../../arm-none-eabi/lib/armv7-m\libm.a(lib_a-s_rint.o)
                0x000018b0                rint
 .text.scalbn   0x000019d0       0xe4 c:/program files (x86)/cypress/psoc creator/4.4/psoc creator/import/gnu/arm/5.4.1/bin/../lib/gcc/arm-none-eabi/5.4.1/../../../../arm-none-eabi/lib/armv7-m\libm.a(lib_a-s_scalbn.o)
                0x000019d0                scalbn
 .text.copysign
                0x00001ab4       0x10 c:/program files (x86)/cypress/psoc creator/4.4/psoc creator/import/gnu/arm/5.4.1/bin/../lib/gcc/arm-none-eabi/5.4.1/../../../../arm-none-eabi/lib/armv7-m\libm.a(lib_a-s_copysign.o)
                0x00001ab4                copysign
 .text          0x00001ac4      0x370 c:/program files (x86)/cypress/psoc creator/4.4/psoc creator/import/gnu/arm/5.4.1/bin/../lib/gcc/arm-none-eabi/5.4.1/armv7-m\libgcc.a(_arm_addsubdf3.o)
                0x00001ac4                __aeabi_drsub
                0x00001acc                __aeabi_dsub
                0x00001acc                __subdf3
                0x00001ad0                __aeabi_dadd
                0x00001ad0                __adddf3
                0x00001d48                __floatunsidf
                0x00001d48                __aeabi_ui2d
                0x00001d68                __floatsidf
                0x00001d68                __aeabi_i2d
                0x00001d8c                __aeabi_f2d
                0x00001d8c                __extendsfdf2
                0x00001dc8                __floatundidf
                0x00001dc8                __aeabi_ul2d
                0x00001dd8                __floatdidf
                0x00001dd8                __aeabi_l2d
 .text          0x00001e34      0x424 c:/program files (x86)/cypress/psoc creator/4.4/psoc creator/import/gnu/arm/5.4.1/bin/../lib/gcc/arm-none-eabi/5.4.1/armv7-m\libgcc.a(_arm_muldivdf3.o)
                0x00001e34                __aeabi_dmul
                0x00001e34                __muldf3
                0x00002088                __divdf3
                0x00002088                __aeabi_ddiv
 .text          0x00002258      0x110 c:/program files (x86)/cypress/psoc creator/4.4/psoc creator/import/gnu/arm/5.4.1/bin/../lib/gcc/arm-none-eabi/5.4.1/armv7-m\libgcc.a(_arm_cmpdf2.o)
                0x00002258                __gtdf2
                0x00002258                __gedf2
                0x00002260                __ltdf2
                0x00002260                __ledf2
                0x00002268                __nedf2
                0x00002268                __eqdf2
                0x00002268                __cmpdf2
                0x000022e4                __aeabi_cdrcmple
                0x000022f4                __aeabi_cdcmpeq
                0x000022f4                __aeabi_cdcmple
                0x00002304                __aeabi_dcmpeq
                0x00002318                __aeabi_dcmplt
                0x0000232c                __aeabi_dcmple
                0x00002340                __aeabi_dcmpge
                0x00002354                __aeabi_dcmpgt
 .text          0x00002368       0x2c c:/program files (x86)/cypress/psoc creator/4.4/psoc creator/import/gnu/arm/5.4.1/bin/../lib/gcc/arm-none-eabi/5.4.1/armv7-m\libgcc.a(_arm_unorddf2.o)
                0x00002368                __unorddf2
                0x00002368                __aeabi_dcmpun
 .text          0x00002394       0x50 c:/program files (x86)/cypress/psoc creator/4.4/psoc creator/import/gnu/arm/5.4.1/bin/../lib/gcc/arm-none-eabi/5.4.1/armv7-m\libgcc.a(_arm_fixdfsi.o)
                0x00002394                __aeabi_d2iz
                0x00002394                __fixdfsi
 .text          0x000023e4       0x40 c:/program files (x86)/cypress/psoc creator/4.4/psoc creator/import/gnu/arm/5.4.1/bin/../lib/gcc/arm-none-eabi/5.4.1/armv7-m\libgcc.a(_arm_fixunsdfsi.o)
                0x000023e4                __aeabi_d2uiz
                0x000023e4                __fixunsdfsi
 .text.__errno  0x00002424        0xc c:/program files (x86)/cypress/psoc creator/4.4/psoc creator/import/gnu/arm/5.4.1/bin/../lib/gcc/arm-none-eabi/5.4.1/../../../../arm-none-eabi/lib/armv7-m\libg_nano.a(lib_a-errno.o)
                0x00002424                __errno
 .text.__libc_init_array
                0x00002430       0x4c c:/program files (x86)/cypress/psoc creator/4.4/psoc creator/import/gnu/arm/5.4.1/bin/../lib/gcc/arm-none-eabi/5.4.1/../../../../arm-none-eabi/lib/armv7-m\libg_nano.a(lib_a-init.o)
                0x00002430                __libc_init_array
 .text.memcpy   0x0000247c       0x16 c:/program files (x86)/cypress/psoc creator/4.4/psoc creator/import/gnu/arm/5.4.1/bin/../lib/gcc/arm-none-eabi/5.4.1/../../../../arm-none-eabi/lib/armv7-m\libg_nano.a(lib_a-memcpy-stub.o)
                0x0000247c                memcpy
 .text.memset   0x00002492       0x10 c:/program files (x86)/cypress/psoc creator/4.4/psoc creator/import/gnu/arm/5.4.1/bin/../lib/gcc/arm-none-eabi/5.4.1/../../../../arm-none-eabi/lib/armv7-m\libg_nano.a(lib_a-memset.o)
                0x00002492                memset
 *(.plt)
 *(.gnu.warning)
 *(.glue_7t)
 .glue_7t       0x000024a2        0x0 linker stubs
 *(.glue_7)
 .glue_7        0x000024a2        0x0 linker stubs
 *(.vfp11_veneer)
 .vfp11_veneer  0x000024a2        0x0 linker stubs
 *(.bootloader)
 *(.ARM.extab* .gnu.linkonce.armextab.*)
 *(.gcc_except_table)

.v4_bx          0x000024a4        0x0
 .v4_bx         0x000024a4        0x0 linker stubs

.iplt           0x000024a4        0x0
 .iplt          0x000024a4        0x0 c:/program files (x86)/cypress/psoc creator/4.4/psoc creator/import/gnu/arm/5.4.1/bin/../lib/gcc/arm-none-eabi/5.4.1/armv7-m/crtbegin.o

.eh_frame_hdr
 *(.eh_frame_hdr)

.eh_frame       0x000024a4        0x4
 *(.eh_frame)
 .eh_frame      0x000024a4        0x0 c:/program files (x86)/cypress/psoc creator/4.4/psoc creator/import/gnu/arm/5.4.1/bin/../lib/gcc/arm-none-eabi/5.4.1/armv7-m/crtbegin.o
 .eh_frame      0x000024a4        0x4 c:/program files (x86)/cypress/psoc creator/4.4/psoc creator/import/gnu/arm/5.4.1/bin/../lib/gcc/arm-none-eabi/5.4.1/armv7-m/crtend.o
                [!provide]                PROVIDE (__exidx_start, .)

.ARM.exidx
 *(.ARM.exidx* .gnu.linkonce.armexidx.*)
                0x000024a8                __exidx_end = .

.rodata         0x000024a8       0x80
 *(.rodata .rodata.* .gnu.linkonce.r.*)
 .rodata        0x000024a8       0x30 .\CortexM3\ARM_GCC_541\Debug\cyfitter_cfg.o
 .rodata.str1.4
                0x000024d8        0x4 c:/program files (x86)/cypress/psoc creator/4.4/psoc creator/import/gnu/arm/5.4.1/bin/../lib/gcc/arm-none-eabi/5.4.1/../../../../arm-none-eabi/lib/armv7-m\libm.a(lib_a-w_pow.o)
 .rodata.str1.4
                0x000024dc        0x4 c:/program files (x86)/cypress/psoc creator/4.4/psoc creator/import/gnu/arm/5.4.1/bin/../lib/gcc/arm-none-eabi/5.4.1/../../../../arm-none-eabi/lib/armv7-m\libm.a(lib_a-e_pow.o)
                                  0x1 (size before relaxing)
 .rodata.TWO52  0x000024e0       0x10 c:/program files (x86)/cypress/psoc creator/4.4/psoc creator/import/gnu/arm/5.4.1/bin/../lib/gcc/arm-none-eabi/5.4.1/../../../../arm-none-eabi/lib/armv7-m\libm.a(lib_a-s_rint.o)
 .rodata.str1.1
                0x000024f0        0x2 c:/program files (x86)/cypress/psoc creator/4.4/psoc creator/import/gnu/arm/5.4.1/bin/../lib/gcc/arm-none-eabi/5.4.1/../../../../arm-none-eabi/lib/armv7-m\libg_nano.a(lib_a-impure.o)
                0x000024f4                . = ALIGN (0x4)
 *fill*         0x000024f2        0x2 
 *(.init)
 .init          0x000024f4        0x4 c:/program files (x86)/cypress/psoc creator/4.4/psoc creator/import/gnu/arm/5.4.1/bin/../lib/gcc/arm-none-eabi/5.4.1/armv7-m/crti.o
                0x000024f4                _init
 .init          0x000024f8        0x8 c:/program files (x86)/cypress/psoc creator/4.4/psoc creator/import/gnu/arm/5.4.1/bin/../lib/gcc/arm-none-eabi/5.4.1/armv7-m/crtn.o
                0x00002500                . = ALIGN (0x4)
                0x00002500                __preinit_array_start = .
 *(.preinit_array)
                0x00002500                __preinit_array_end = .
                0x00002500                . = ALIGN (0x4)
                0x00002500                __init_array_start = .
 *(SORT(.init_array.*))
 *(.init_array)
 .init_array    0x00002500        0x4 c:/program files (x86)/cypress/psoc creator/4.4/psoc creator/import/gnu/arm/5.4.1/bin/../lib/gcc/arm-none-eabi/5.4.1/armv7-m/crtbegin.o
 .init_array    0x00002504        0x4 .\CortexM3\ARM_GCC_541\Debug\Cm3Start.o
                0x00002508                __init_array_end = .
                0x00002508                . = ALIGN (0x4)
 *(.fini)
 .fini          0x00002508        0x4 c:/program files (x86)/cypress/psoc creator/4.4/psoc creator/import/gnu/arm/5.4.1/bin/../lib/gcc/arm-none-eabi/5.4.1/armv7-m/crti.o
                0x00002508                _fini
 .fini          0x0000250c        0x8 c:/program files (x86)/cypress/psoc creator/4.4/psoc creator/import/gnu/arm/5.4.1/bin/../lib/gcc/arm-none-eabi/5.4.1/armv7-m/crtn.o
                0x00002514                . = ALIGN (0x4)
                0x00002514                __fini_array_start = .
 *(.fini_array)
 .fini_array    0x00002514        0x4 c:/program files (x86)/cypress/psoc creator/4.4/psoc creator/import/gnu/arm/5.4.1/bin/../lib/gcc/arm-none-eabi/5.4.1/armv7-m/crtbegin.o
 *(SORT(.fini_array.*))
                0x00002518                __fini_array_end = .
                0x00002518                . = ALIGN (0x4)
 *crtbegin.o(.ctors)
 *(EXCLUDE_FILE(*crtend.o) .ctors)
 *(SORT(.ctors.*))
 *crtend.o(.ctors)
                0x00002518                . = ALIGN (0x4)
 *crtbegin.o(.dtors)
 *(EXCLUDE_FILE(*crtend.o) .dtors)
 *(SORT(.dtors.*))
 *crtend.o(.dtors)
                0x00002518                . = ALIGN (0x4)
                0x00002518                __cy_regions = .
                0x00002518        0x4 LONG 0x2528 __cy_region_init_ram
                0x0000251c        0x4 LONG 0x1fff80c8 __cy_region_start_data
                0x00002520        0x4 LONG 0xb8 __cy_region_init_size_ram
                0x00002524        0x4 LONG 0x50 __cy_region_zero_size_ram
                0x00002528                __cy_regions_end = .
                0x00002528                . = ALIGN (0x8)
                0x00002528                _etext = .

.cy_checksum_exclude
                0x00002528        0x0
 *(.cy_checksum_exclude)

.ramvectors     0x1fff8000       0xc0
                0x1fff8000                __cy_region_start_ram = .
 *(.ramvectors)
 .ramvectors    0x1fff8000       0xc0 .\CortexM3\ARM_GCC_541\Debug\Cm3Start.o
                0x1fff8000                CyRamVectors

.noinit         0x1fff80c0        0x1
 *(.noinit)
 .noinit        0x1fff80c0        0x1 .\CortexM3\ARM_GCC_541\Debug\HRMon.a(CyLib.o)
                0x1fff80c0                CyResetStatus

.data           0x1fff80c8       0xb8 load address 0x00002528
                0x1fff80c8                __cy_region_start_data = .
 *(.jcr)
 .jcr           0x1fff80c8        0x0 c:/program files (x86)/cypress/psoc creator/4.4/psoc creator/import/gnu/arm/5.4.1/bin/../lib/gcc/arm-none-eabi/5.4.1/armv7-m/crtbegin.o
 .jcr           0x1fff80c8        0x4 c:/program files (x86)/cypress/psoc creator/4.4/psoc creator/import/gnu/arm/5.4.1/bin/../lib/gcc/arm-none-eabi/5.4.1/armv7-m/crtend.o
 *(.got.plt)
 *(.got)
 *(.shdata)
 *(.data .data.* .gnu.linkonce.d.*)
 .data          0x1fff80cc       0x38 .\CortexM3\ARM_GCC_541\Debug\main.o
                0x1fff80cc                zero
                0x1fff80d0                one
                0x1fff80d4                two
                0x1fff80d8                three
                0x1fff80dc                four
                0x1fff80e0                five
                0x1fff80e4                six
                0x1fff80e8                seven
                0x1fff80ec                eight
                0x1fff80f0                nine
                0x1fff80f4                digitZero
                0x1fff80f8                digitOne
                0x1fff80fc                digitTwo
                0x1fff8100                digitThree
 .data          0x1fff8104       0x10 .\CortexM3\ARM_GCC_541\Debug\HRMon.a(CyLib.o)
                0x1fff8104                cydelay_32k_ms
                0x1fff8108                cydelay_freq_khz
                0x1fff810c                cydelay_freq_mhz
                0x1fff8110                cydelay_freq_hz
 .data.__fdlib_version
                0x1fff8114        0x1 c:/program files (x86)/cypress/psoc creator/4.4/psoc creator/import/gnu/arm/5.4.1/bin/../lib/gcc/arm-none-eabi/5.4.1/../../../../arm-none-eabi/lib/armv7-m\libm.a(lib_a-s_lib_ver.o)
                0x1fff8114                __fdlib_version
 *fill*         0x1fff8115        0x3 
 .data.impure_data
                0x1fff8118       0x60 c:/program files (x86)/cypress/psoc creator/4.4/psoc creator/import/gnu/arm/5.4.1/bin/../lib/gcc/arm-none-eabi/5.4.1/../../../../arm-none-eabi/lib/armv7-m\libg_nano.a(lib_a-impure.o)
 .data._impure_ptr
                0x1fff8178        0x4 c:/program files (x86)/cypress/psoc creator/4.4/psoc creator/import/gnu/arm/5.4.1/bin/../lib/gcc/arm-none-eabi/5.4.1/../../../../arm-none-eabi/lib/armv7-m\libg_nano.a(lib_a-impure.o)
                0x1fff8178                _impure_ptr
                0x1fff8180                . = ALIGN (0x8)
 *fill*         0x1fff817c        0x4 
 *(.ram)
                0x1fff8180                _edata = .

.igot.plt       0x1fff8180        0x0 load address 0x000025e0
 .igot.plt      0x1fff8180        0x0 c:/program files (x86)/cypress/psoc creator/4.4/psoc creator/import/gnu/arm/5.4.1/bin/../lib/gcc/arm-none-eabi/5.4.1/armv7-m/crtbegin.o

.bss            0x1fff8180       0x50 load address 0x000025e0
                0x1fff8180                PROVIDE (__bss_start__, .)
 *(.shbss)
 *(.bss .bss.* .gnu.linkonce.b.*)
 .bss           0x1fff8180       0x1c c:/program files (x86)/cypress/psoc creator/4.4/psoc creator/import/gnu/arm/5.4.1/bin/../lib/gcc/arm-none-eabi/5.4.1/armv7-m/crtbegin.o
 .bss           0x1fff819c        0x1 .\CortexM3\ARM_GCC_541\Debug\HRMon.a(One_Hz_Timer.o)
                0x1fff819c                One_Hz_Timer_initVar
 *fill*         0x1fff819d        0x3 
 .bss           0x1fff81a0        0x8 .\CortexM3\ARM_GCC_541\Debug\HRMon.a(CySpc.o)
                0x1fff81a0                SpcLockState
 *(COMMON)
 COMMON         0x1fff81a8       0x24 .\CortexM3\ARM_GCC_541\Debug\main.o
                0x1fff81a8                digit
                0x1fff81b8                detectFlag
                0x1fff81bc                displayData
 COMMON         0x1fff81cc        0x2 .\CortexM3\ARM_GCC_541\Debug\HRMon.a(CyFlash.o)
                0x1fff81cc                dieTemperature
                0x1fff81d0                . = ALIGN (0x8)
 *fill*         0x1fff81ce        0x2 
 *(.ram.b)
                0x1fff81d0                _end = .
                0x1fff81d0                __end = .
                0x1fff81d0                PROVIDE (end, .)
                0x1fff81d0                PROVIDE (__bss_end__, .)
                0x00002528                __cy_region_init_ram = LOADADDR (.data)
                0x000000b8                __cy_region_init_size_ram = (_edata - ADDR (.data))
                0x00000050                __cy_region_zero_size_ram = (_end - _edata)

.heap           0x1fff81d0       0x80 load address 0x000025e0
                0x1fff81d0                . = _end
                0x1fff8250                . = (. + 0x80)
 *fill*         0x1fff81d0       0x80 
                0x1fff8250                __cy_heap_limit = .

.stack          0x20007800      0x800
                0x20007800                __cy_stack_limit = .
                0x20008000                . = (. + 0x800)
 *fill*         0x20007800      0x800 
                0x00000001                ASSERT ((__cy_stack_limit >= __cy_heap_limit), region RAM overflowed with stack)
                0x00000000                cy_checksum_exclude_size = (CY_APPL_LOADABLE == 0x1)?SIZEOF (.cy_checksum_exclude):0x0
                0x00000001                ASSERT ((cy_checksum_exclude_size <= CY_CHECKSUM_EXCLUDE_SIZE), CY_BOOT: Section .cy_checksum_exclude size exceedes specified limit.)

.cyloadermeta
 *(.cyloadermeta)

.cyloadablemeta
 *(.cyloadablemeta)

.cyconfigecc    0x80000000      0x214
 *(.cyconfigecc)
 .cyconfigecc   0x80000000      0x214 .\CortexM3\ARM_GCC_541\Debug\cymetadata.o
                0x80000000                cy_meta_configecc

.cycustnvl      0x90000000        0x4
 *(.cycustnvl)
 .cycustnvl     0x90000000        0x4 .\CortexM3\ARM_GCC_541\Debug\cymetadata.o
                0x90000000                cy_meta_custnvl

.cywolatch      0x90100000        0x4
 *(.cywolatch)
 .cywolatch     0x90100000        0x4 .\CortexM3\ARM_GCC_541\Debug\cymetadata.o
                0x90100000                cy_meta_wonvl

.cyeeprom       0x90200000        0x0
 *(.cyeeprom)
                0x00000001                ASSERT ((. <= ((0x90200000 + ee_offset) + ee_size)), .cyeeprom data will not fit in EEPROM)

.cyflashprotect
                0x90400000      0x100
 *(.cyflashprotect)
 .cyflashprotect
                0x90400000      0x100 .\CortexM3\ARM_GCC_541\Debug\cymetadata.o
                0x90400000                cy_meta_flashprotect

.cymeta         0x90500000        0xc
 *(.cymeta)
 .cymeta        0x90500000        0xc .\CortexM3\ARM_GCC_541\Debug\cymetadata.o
                0x90500000                cy_metadata

.rel.dyn        0x000025e0        0x0 load address 0x9050000c
 .rel.iplt      0x000025e0        0x0 c:/program files (x86)/cypress/psoc creator/4.4/psoc creator/import/gnu/arm/5.4.1/bin/../lib/gcc/arm-none-eabi/5.4.1/armv7-m/crtbegin.o

.stab
 *(.stab)

.stabstr
 *(.stabstr)

.debug
 *(.debug)

.line
 *(.line)

.debug_srcinfo
 *(.debug_srcinfo)

.debug_sfnames
 *(.debug_sfnames)

.debug_aranges  0x00000000      0x748
 *(.debug_aranges)
 .debug_aranges
                0x00000000       0x58 .\CortexM3\ARM_GCC_541\Debug\main.o
 .debug_aranges
                0x00000058       0x58 .\CortexM3\ARM_GCC_541\Debug\cyfitter_cfg.o
 .debug_aranges
                0x000000b0       0x18 .\CortexM3\ARM_GCC_541\Debug\cymetadata.o
 .debug_aranges
                0x000000c8       0x48 .\CortexM3\ARM_GCC_541\Debug\Cm3Start.o
 .debug_aranges
                0x00000110       0x28 .\CortexM3\ARM_GCC_541\Debug\HRMon.a(Seven_Segment_Reg.o)
 .debug_aranges
                0x00000138      0x2a0 .\CortexM3\ARM_GCC_541\Debug\HRMon.a(CyLib.o)
 .debug_aranges
                0x000003d8       0x98 .\CortexM3\ARM_GCC_541\Debug\HRMon.a(cyPm.o)
 .debug_aranges
                0x00000470       0x28 .\CortexM3\ARM_GCC_541\Debug\HRMon.a(Digit_Reg.o)
 .debug_aranges
                0x00000498       0x78 .\CortexM3\ARM_GCC_541\Debug\HRMon.a(EEPROM.o)
 .debug_aranges
                0x00000510       0x80 .\CortexM3\ARM_GCC_541\Debug\HRMon.a(isr_1.o)
 .debug_aranges
                0x00000590       0x90 .\CortexM3\ARM_GCC_541\Debug\HRMon.a(One_Hz_Timer.o)
 .debug_aranges
                0x00000620       0x20 .\CortexM3\ARM_GCC_541\Debug\HRMon.a(CyBootAsmGnu.o)
 .debug_aranges
                0x00000640       0x88 .\CortexM3\ARM_GCC_541\Debug\HRMon.a(CyFlash.o)
 .debug_aranges
                0x000006c8       0x80 .\CortexM3\ARM_GCC_541\Debug\HRMon.a(CySpc.o)

.debug_pubnames
 *(.debug_pubnames)

.debug_info     0x00000000     0x4645
 *(.debug_info .gnu.linkonce.wi.*)
 .debug_info    0x00000000      0x4e2 .\CortexM3\ARM_GCC_541\Debug\main.o
 .debug_info    0x000004e2      0x4c9 .\CortexM3\ARM_GCC_541\Debug\cyfitter_cfg.o
 .debug_info    0x000009ab      0x135 .\CortexM3\ARM_GCC_541\Debug\cymetadata.o
 .debug_info    0x00000ae0      0x3bb .\CortexM3\ARM_GCC_541\Debug\Cm3Start.o
 .debug_info    0x00000e9b       0xd6 .\CortexM3\ARM_GCC_541\Debug\HRMon.a(Seven_Segment_Reg.o)
 .debug_info    0x00000f71     0x1374 .\CortexM3\ARM_GCC_541\Debug\HRMon.a(CyLib.o)
 .debug_info    0x000022e5      0xa2a .\CortexM3\ARM_GCC_541\Debug\HRMon.a(cyPm.o)
 .debug_info    0x00002d0f       0xd6 .\CortexM3\ARM_GCC_541\Debug\HRMon.a(Digit_Reg.o)
 .debug_info    0x00002de5      0x630 .\CortexM3\ARM_GCC_541\Debug\HRMon.a(EEPROM.o)
 .debug_info    0x00003415      0x2d2 .\CortexM3\ARM_GCC_541\Debug\HRMon.a(isr_1.o)
 .debug_info    0x000036e7      0x2f0 .\CortexM3\ARM_GCC_541\Debug\HRMon.a(One_Hz_Timer.o)
 .debug_info    0x000039d7       0xd1 .\CortexM3\ARM_GCC_541\Debug\HRMon.a(CyBootAsmGnu.o)
 .debug_info    0x00003aa8      0x64d .\CortexM3\ARM_GCC_541\Debug\HRMon.a(CyFlash.o)
 .debug_info    0x000040f5      0x550 .\CortexM3\ARM_GCC_541\Debug\HRMon.a(CySpc.o)

.debug_abbrev   0x00000000     0x128b
 *(.debug_abbrev)
 .debug_abbrev  0x00000000      0x203 .\CortexM3\ARM_GCC_541\Debug\main.o
 .debug_abbrev  0x00000203      0x1fe .\CortexM3\ARM_GCC_541\Debug\cyfitter_cfg.o
 .debug_abbrev  0x00000401       0x66 .\CortexM3\ARM_GCC_541\Debug\cymetadata.o
 .debug_abbrev  0x00000467      0x1e8 .\CortexM3\ARM_GCC_541\Debug\Cm3Start.o
 .debug_abbrev  0x0000064f       0x81 .\CortexM3\ARM_GCC_541\Debug\HRMon.a(Seven_Segment_Reg.o)
 .debug_abbrev  0x000006d0      0x254 .\CortexM3\ARM_GCC_541\Debug\HRMon.a(CyLib.o)
 .debug_abbrev  0x00000924      0x1ab .\CortexM3\ARM_GCC_541\Debug\HRMon.a(cyPm.o)
 .debug_abbrev  0x00000acf       0x81 .\CortexM3\ARM_GCC_541\Debug\HRMon.a(Digit_Reg.o)
 .debug_abbrev  0x00000b50      0x14e .\CortexM3\ARM_GCC_541\Debug\HRMon.a(EEPROM.o)
 .debug_abbrev  0x00000c9e      0x173 .\CortexM3\ARM_GCC_541\Debug\HRMon.a(isr_1.o)
 .debug_abbrev  0x00000e11      0x12b .\CortexM3\ARM_GCC_541\Debug\HRMon.a(One_Hz_Timer.o)
 .debug_abbrev  0x00000f3c       0x14 .\CortexM3\ARM_GCC_541\Debug\HRMon.a(CyBootAsmGnu.o)
 .debug_abbrev  0x00000f50      0x1a7 .\CortexM3\ARM_GCC_541\Debug\HRMon.a(CyFlash.o)
 .debug_abbrev  0x000010f7      0x194 .\CortexM3\ARM_GCC_541\Debug\HRMon.a(CySpc.o)

.debug_line     0x00000000     0x1ec5
 *(.debug_line)
 .debug_line    0x00000000      0x328 .\CortexM3\ARM_GCC_541\Debug\main.o
 .debug_line    0x00000328      0x1d4 .\CortexM3\ARM_GCC_541\Debug\cyfitter_cfg.o
 .debug_line    0x000004fc      0x141 .\CortexM3\ARM_GCC_541\Debug\cymetadata.o
 .debug_line    0x0000063d      0x234 .\CortexM3\ARM_GCC_541\Debug\Cm3Start.o
 .debug_line    0x00000871       0x79 .\CortexM3\ARM_GCC_541\Debug\HRMon.a(Seven_Segment_Reg.o)
 .debug_line    0x000008ea      0x816 .\CortexM3\ARM_GCC_541\Debug\HRMon.a(CyLib.o)
 .debug_line    0x00001100      0x367 .\CortexM3\ARM_GCC_541\Debug\HRMon.a(cyPm.o)
 .debug_line    0x00001467       0x71 .\CortexM3\ARM_GCC_541\Debug\HRMon.a(Digit_Reg.o)
 .debug_line    0x000014d8      0x264 .\CortexM3\ARM_GCC_541\Debug\HRMon.a(EEPROM.o)
 .debug_line    0x0000173c      0x132 .\CortexM3\ARM_GCC_541\Debug\HRMon.a(isr_1.o)
 .debug_line    0x0000186e      0x177 .\CortexM3\ARM_GCC_541\Debug\HRMon.a(One_Hz_Timer.o)
 .debug_line    0x000019e5       0x66 .\CortexM3\ARM_GCC_541\Debug\HRMon.a(CyBootAsmGnu.o)
 .debug_line    0x00001a4b      0x21a .\CortexM3\ARM_GCC_541\Debug\HRMon.a(CyFlash.o)
 .debug_line    0x00001c65      0x260 .\CortexM3\ARM_GCC_541\Debug\HRMon.a(CySpc.o)

.debug_frame    0x00000000     0x1590
 *(.debug_frame)
 .debug_frame   0x00000000       0xe0 .\CortexM3\ARM_GCC_541\Debug\main.o
 .debug_frame   0x000000e0       0xe4 .\CortexM3\ARM_GCC_541\Debug\cyfitter_cfg.o
 .debug_frame   0x000001c4       0xb8 .\CortexM3\ARM_GCC_541\Debug\Cm3Start.o
 .debug_frame   0x0000027c       0x30 .\CortexM3\ARM_GCC_541\Debug\HRMon.a(Seven_Segment_Reg.o)
 .debug_frame   0x000002ac      0x738 .\CortexM3\ARM_GCC_541\Debug\HRMon.a(CyLib.o)
 .debug_frame   0x000009e4      0x1f8 .\CortexM3\ARM_GCC_541\Debug\HRMon.a(cyPm.o)
 .debug_frame   0x00000bdc       0x30 .\CortexM3\ARM_GCC_541\Debug\HRMon.a(Digit_Reg.o)
 .debug_frame   0x00000c0c      0x17c .\CortexM3\ARM_GCC_541\Debug\HRMon.a(EEPROM.o)
 .debug_frame   0x00000d88      0x104 .\CortexM3\ARM_GCC_541\Debug\HRMon.a(isr_1.o)
 .debug_frame   0x00000e8c      0x124 .\CortexM3\ARM_GCC_541\Debug\HRMon.a(One_Hz_Timer.o)
 .debug_frame   0x00000fb0      0x194 .\CortexM3\ARM_GCC_541\Debug\HRMon.a(CyFlash.o)
 .debug_frame   0x00001144      0x180 .\CortexM3\ARM_GCC_541\Debug\HRMon.a(CySpc.o)
 .debug_frame   0x000012c4       0x20 c:/program files (x86)/cypress/psoc creator/4.4/psoc creator/import/gnu/arm/5.4.1/bin/../lib/gcc/arm-none-eabi/5.4.1/../../../../arm-none-eabi/lib/armv7-m\libm.a(lib_a-powl.o)
 .debug_frame   0x000012e4       0x4c c:/program files (x86)/cypress/psoc creator/4.4/psoc creator/import/gnu/arm/5.4.1/bin/../lib/gcc/arm-none-eabi/5.4.1/../../../../arm-none-eabi/lib/armv7-m\libm.a(lib_a-w_pow.o)
 .debug_frame   0x00001330       0x68 c:/program files (x86)/cypress/psoc creator/4.4/psoc creator/import/gnu/arm/5.4.1/bin/../lib/gcc/arm-none-eabi/5.4.1/../../../../arm-none-eabi/lib/armv7-m\libm.a(lib_a-e_pow.o)
 .debug_frame   0x00001398       0x30 c:/program files (x86)/cypress/psoc creator/4.4/psoc creator/import/gnu/arm/5.4.1/bin/../lib/gcc/arm-none-eabi/5.4.1/../../../../arm-none-eabi/lib/armv7-m\libm.a(lib_a-e_sqrt.o)
 .debug_frame   0x000013c8       0x20 c:/program files (x86)/cypress/psoc creator/4.4/psoc creator/import/gnu/arm/5.4.1/bin/../lib/gcc/arm-none-eabi/5.4.1/../../../../arm-none-eabi/lib/armv7-m\libm.a(lib_a-s_fabs.o)
 .debug_frame   0x000013e8       0x20 c:/program files (x86)/cypress/psoc creator/4.4/psoc creator/import/gnu/arm/5.4.1/bin/../lib/gcc/arm-none-eabi/5.4.1/../../../../arm-none-eabi/lib/armv7-m\libm.a(lib_a-s_finite.o)
 .debug_frame   0x00001408       0x20 c:/program files (x86)/cypress/psoc creator/4.4/psoc creator/import/gnu/arm/5.4.1/bin/../lib/gcc/arm-none-eabi/5.4.1/../../../../arm-none-eabi/lib/armv7-m\libm.a(lib_a-s_matherr.o)
 .debug_frame   0x00001428       0x20 c:/program files (x86)/cypress/psoc creator/4.4/psoc creator/import/gnu/arm/5.4.1/bin/../lib/gcc/arm-none-eabi/5.4.1/../../../../arm-none-eabi/lib/armv7-m\libm.a(lib_a-s_nan.o)
 .debug_frame   0x00001448       0x3c c:/program files (x86)/cypress/psoc creator/4.4/psoc creator/import/gnu/arm/5.4.1/bin/../lib/gcc/arm-none-eabi/5.4.1/../../../../arm-none-eabi/lib/armv7-m\libm.a(lib_a-s_rint.o)
 .debug_frame   0x00001484       0x30 c:/program files (x86)/cypress/psoc creator/4.4/psoc creator/import/gnu/arm/5.4.1/bin/../lib/gcc/arm-none-eabi/5.4.1/../../../../arm-none-eabi/lib/armv7-m\libm.a(lib_a-s_scalbn.o)
 .debug_frame   0x000014b4       0x20 c:/program files (x86)/cypress/psoc creator/4.4/psoc creator/import/gnu/arm/5.4.1/bin/../lib/gcc/arm-none-eabi/5.4.1/../../../../arm-none-eabi/lib/armv7-m\libm.a(lib_a-s_copysign.o)
 .debug_frame   0x000014d4       0x20 c:/program files (x86)/cypress/psoc creator/4.4/psoc creator/import/gnu/arm/5.4.1/bin/../lib/gcc/arm-none-eabi/5.4.1/../../../../arm-none-eabi/lib/armv7-m\libg_nano.a(lib_a-errno.o)
 .debug_frame   0x000014f4       0x28 c:/program files (x86)/cypress/psoc creator/4.4/psoc creator/import/gnu/arm/5.4.1/bin/../lib/gcc/arm-none-eabi/5.4.1/../../../../arm-none-eabi/lib/armv7-m\libg_nano.a(lib_a-exit.o)
 .debug_frame   0x0000151c       0x2c c:/program files (x86)/cypress/psoc creator/4.4/psoc creator/import/gnu/arm/5.4.1/bin/../lib/gcc/arm-none-eabi/5.4.1/../../../../arm-none-eabi/lib/armv7-m\libg_nano.a(lib_a-init.o)
 .debug_frame   0x00001548       0x28 c:/program files (x86)/cypress/psoc creator/4.4/psoc creator/import/gnu/arm/5.4.1/bin/../lib/gcc/arm-none-eabi/5.4.1/../../../../arm-none-eabi/lib/armv7-m\libg_nano.a(lib_a-memcpy-stub.o)
 .debug_frame   0x00001570       0x20 c:/program files (x86)/cypress/psoc creator/4.4/psoc creator/import/gnu/arm/5.4.1/bin/../lib/gcc/arm-none-eabi/5.4.1/../../../../arm-none-eabi/lib/armv7-m\libg_nano.a(lib_a-memset.o)

.debug_str      0x00000000     0x1864
 *(.debug_str)
 .debug_str     0x00000000      0x319 .\CortexM3\ARM_GCC_541\Debug\main.o
                                0x36e (size before relaxing)
 .debug_str     0x00000319      0x187 .\CortexM3\ARM_GCC_541\Debug\cyfitter_cfg.o
                                0x350 (size before relaxing)
 .debug_str     0x000004a0       0x7f .\CortexM3\ARM_GCC_541\Debug\cymetadata.o
                                0x225 (size before relaxing)
 .debug_str     0x0000051f      0x144 .\CortexM3\ARM_GCC_541\Debug\Cm3Start.o
                                0x34b (size before relaxing)
 .debug_str     0x00000663       0x4a .\CortexM3\ARM_GCC_541\Debug\HRMon.a(Seven_Segment_Reg.o)
                                0x214 (size before relaxing)
 .debug_str     0x000006ad      0x83d .\CortexM3\ARM_GCC_541\Debug\HRMon.a(CyLib.o)
                                0xa88 (size before relaxing)
 .debug_str     0x00000eea      0x365 .\CortexM3\ARM_GCC_541\Debug\HRMon.a(cyPm.o)
                                0x774 (size before relaxing)
 .debug_str     0x0000124f       0x32 .\CortexM3\ARM_GCC_541\Debug\HRMon.a(Digit_Reg.o)
                                0x1fc (size before relaxing)
 .debug_str     0x00001281      0x1b8 .\CortexM3\ARM_GCC_541\Debug\HRMon.a(EEPROM.o)
                                0x403 (size before relaxing)
 .debug_str     0x00001439       0xc5 .\CortexM3\ARM_GCC_541\Debug\HRMon.a(isr_1.o)
                                0x2e7 (size before relaxing)
 .debug_str     0x000014fe      0x1de .\CortexM3\ARM_GCC_541\Debug\HRMon.a(One_Hz_Timer.o)
                                0x3fa (size before relaxing)
 .debug_str     0x000016dc      0x11a .\CortexM3\ARM_GCC_541\Debug\HRMon.a(CyFlash.o)
                                0x401 (size before relaxing)
 .debug_str     0x000017f6       0x6e .\CortexM3\ARM_GCC_541\Debug\HRMon.a(CySpc.o)
                                0x379 (size before relaxing)

.debug_loc      0x00000000     0x1fb7
 *(.debug_loc)
 .debug_loc     0x00000000       0xe8 .\CortexM3\ARM_GCC_541\Debug\main.o
 .debug_loc     0x000000e8      0x1d7 .\CortexM3\ARM_GCC_541\Debug\cyfitter_cfg.o
 .debug_loc     0x000002bf      0x144 .\CortexM3\ARM_GCC_541\Debug\Cm3Start.o
 .debug_loc     0x00000403      0xa11 .\CortexM3\ARM_GCC_541\Debug\HRMon.a(CyLib.o)
 .debug_loc     0x00000e14      0x1e4 .\CortexM3\ARM_GCC_541\Debug\HRMon.a(cyPm.o)
 .debug_loc     0x00000ff8      0x49f .\CortexM3\ARM_GCC_541\Debug\HRMon.a(EEPROM.o)
 .debug_loc     0x00001497       0x56 .\CortexM3\ARM_GCC_541\Debug\HRMon.a(isr_1.o)
 .debug_loc     0x000014ed       0x13 .\CortexM3\ARM_GCC_541\Debug\HRMon.a(One_Hz_Timer.o)
 .debug_loc     0x00001500      0x3b2 .\CortexM3\ARM_GCC_541\Debug\HRMon.a(CyFlash.o)
 .debug_loc     0x000018b2      0x705 .\CortexM3\ARM_GCC_541\Debug\HRMon.a(CySpc.o)

.debug_macinfo
 *(.debug_macinfo)

.debug_ranges   0x00000000      0x650
 *(.debug_ranges)
 .debug_ranges  0x00000000       0x48 .\CortexM3\ARM_GCC_541\Debug\main.o
 .debug_ranges  0x00000048       0x48 .\CortexM3\ARM_GCC_541\Debug\cyfitter_cfg.o
 .debug_ranges  0x00000090       0x38 .\CortexM3\ARM_GCC_541\Debug\Cm3Start.o
 .debug_ranges  0x000000c8       0x18 .\CortexM3\ARM_GCC_541\Debug\HRMon.a(Seven_Segment_Reg.o)
 .debug_ranges  0x000000e0      0x290 .\CortexM3\ARM_GCC_541\Debug\HRMon.a(CyLib.o)
 .debug_ranges  0x00000370       0x88 .\CortexM3\ARM_GCC_541\Debug\HRMon.a(cyPm.o)
 .debug_ranges  0x000003f8       0x18 .\CortexM3\ARM_GCC_541\Debug\HRMon.a(Digit_Reg.o)
 .debug_ranges  0x00000410       0x68 .\CortexM3\ARM_GCC_541\Debug\HRMon.a(EEPROM.o)
 .debug_ranges  0x00000478       0x70 .\CortexM3\ARM_GCC_541\Debug\HRMon.a(isr_1.o)
 .debug_ranges  0x000004e8       0x80 .\CortexM3\ARM_GCC_541\Debug\HRMon.a(One_Hz_Timer.o)
 .debug_ranges  0x00000568       0x78 .\CortexM3\ARM_GCC_541\Debug\HRMon.a(CyFlash.o)
 .debug_ranges  0x000005e0       0x70 .\CortexM3\ARM_GCC_541\Debug\HRMon.a(CySpc.o)

.comment        0x00000000       0x6e
 .comment       0x00000000       0x6e .\CortexM3\ARM_GCC_541\Debug\main.o
                                 0x6f (size before relaxing)
 .comment       0x0000006e       0x6f .\CortexM3\ARM_GCC_541\Debug\cyfitter_cfg.o
 .comment       0x0000006e       0x6f .\CortexM3\ARM_GCC_541\Debug\cymetadata.o
 .comment       0x0000006e       0x6f .\CortexM3\ARM_GCC_541\Debug\Cm3Start.o
 .comment       0x0000006e       0x6f .\CortexM3\ARM_GCC_541\Debug\HRMon.a(Seven_Segment_Reg.o)
 .comment       0x0000006e       0x6f .\CortexM3\ARM_GCC_541\Debug\HRMon.a(CyLib.o)
 .comment       0x0000006e       0x6f .\CortexM3\ARM_GCC_541\Debug\HRMon.a(cyPm.o)
 .comment       0x0000006e       0x6f .\CortexM3\ARM_GCC_541\Debug\HRMon.a(Digit_Reg.o)
 .comment       0x0000006e       0x6f .\CortexM3\ARM_GCC_541\Debug\HRMon.a(EEPROM.o)
 .comment       0x0000006e       0x6f .\CortexM3\ARM_GCC_541\Debug\HRMon.a(isr_1.o)
 .comment       0x0000006e       0x6f .\CortexM3\ARM_GCC_541\Debug\HRMon.a(One_Hz_Timer.o)
 .comment       0x0000006e       0x6f .\CortexM3\ARM_GCC_541\Debug\HRMon.a(CyFlash.o)
 .comment       0x0000006e       0x6f .\CortexM3\ARM_GCC_541\Debug\HRMon.a(CySpc.o)

.debug_weaknames
 *(.debug_weaknames)

.debug_funcnames
 *(.debug_funcnames)

.debug_typenames
 *(.debug_typenames)

.debug_varnames
 *(.debug_varnames)

.note.gnu.arm.ident
 *(.note.gnu.arm.ident)

.ARM.attributes
                0x00000000       0x29
 *(.ARM.attributes)
 .ARM.attributes
                0x00000000       0x1d c:/program files (x86)/cypress/psoc creator/4.4/psoc creator/import/gnu/arm/5.4.1/bin/../lib/gcc/arm-none-eabi/5.4.1/armv7-m/crti.o
 .ARM.attributes
                0x0000001d       0x2d c:/program files (x86)/cypress/psoc creator/4.4/psoc creator/import/gnu/arm/5.4.1/bin/../lib/gcc/arm-none-eabi/5.4.1/armv7-m/crtbegin.o
 .ARM.attributes
                0x0000004a       0x1b c:/program files (x86)/cypress/psoc creator/4.4/psoc creator/import/gnu/arm/5.4.1/bin/../lib/gcc/arm-none-eabi/5.4.1/../../../../arm-none-eabi/lib/armv7-m/crt0.o
 .ARM.attributes
                0x00000065       0x33 .\CortexM3\ARM_GCC_541\Debug\main.o
 .ARM.attributes
                0x00000098       0x33 .\CortexM3\ARM_GCC_541\Debug\cyfitter_cfg.o
 .ARM.attributes
                0x000000cb       0x33 .\CortexM3\ARM_GCC_541\Debug\cymetadata.o
 .ARM.attributes
                0x000000fe       0x33 .\CortexM3\ARM_GCC_541\Debug\Cm3Start.o
 .ARM.attributes
                0x00000131       0x33 .\CortexM3\ARM_GCC_541\Debug\HRMon.a(Seven_Segment_Reg.o)
 .ARM.attributes
                0x00000164       0x33 .\CortexM3\ARM_GCC_541\Debug\HRMon.a(CyLib.o)
 .ARM.attributes
                0x00000197       0x33 .\CortexM3\ARM_GCC_541\Debug\HRMon.a(cyPm.o)
 .ARM.attributes
                0x000001ca       0x33 .\CortexM3\ARM_GCC_541\Debug\HRMon.a(Digit_Reg.o)
 .ARM.attributes
                0x000001fd       0x33 .\CortexM3\ARM_GCC_541\Debug\HRMon.a(EEPROM.o)
 .ARM.attributes
                0x00000230       0x33 .\CortexM3\ARM_GCC_541\Debug\HRMon.a(isr_1.o)
 .ARM.attributes
                0x00000263       0x33 .\CortexM3\ARM_GCC_541\Debug\HRMon.a(One_Hz_Timer.o)
 .ARM.attributes
                0x00000296       0x21 .\CortexM3\ARM_GCC_541\Debug\HRMon.a(CyBootAsmGnu.o)
 .ARM.attributes
                0x000002b7       0x33 .\CortexM3\ARM_GCC_541\Debug\HRMon.a(CyFlash.o)
 .ARM.attributes
                0x000002ea       0x33 .\CortexM3\ARM_GCC_541\Debug\HRMon.a(CySpc.o)
 .ARM.attributes
                0x0000031d       0x2d c:/program files (x86)/cypress/psoc creator/4.4/psoc creator/import/gnu/arm/5.4.1/bin/../lib/gcc/arm-none-eabi/5.4.1/../../../../arm-none-eabi/lib/armv7-m\libm.a(lib_a-powl.o)
 .ARM.attributes
                0x0000034a       0x2d c:/program files (x86)/cypress/psoc creator/4.4/psoc creator/import/gnu/arm/5.4.1/bin/../lib/gcc/arm-none-eabi/5.4.1/../../../../arm-none-eabi/lib/armv7-m\libm.a(lib_a-w_pow.o)
 .ARM.attributes
                0x00000377       0x2d c:/program files (x86)/cypress/psoc creator/4.4/psoc creator/import/gnu/arm/5.4.1/bin/../lib/gcc/arm-none-eabi/5.4.1/../../../../arm-none-eabi/lib/armv7-m\libm.a(lib_a-e_pow.o)
 .ARM.attributes
                0x000003a4       0x2d c:/program files (x86)/cypress/psoc creator/4.4/psoc creator/import/gnu/arm/5.4.1/bin/../lib/gcc/arm-none-eabi/5.4.1/../../../../arm-none-eabi/lib/armv7-m\libm.a(lib_a-e_sqrt.o)
 .ARM.attributes
                0x000003d1       0x2d c:/program files (x86)/cypress/psoc creator/4.4/psoc creator/import/gnu/arm/5.4.1/bin/../lib/gcc/arm-none-eabi/5.4.1/../../../../arm-none-eabi/lib/armv7-m\libm.a(lib_a-s_fabs.o)
 .ARM.attributes
                0x000003fe       0x2d c:/program files (x86)/cypress/psoc creator/4.4/psoc creator/import/gnu/arm/5.4.1/bin/../lib/gcc/arm-none-eabi/5.4.1/../../../../arm-none-eabi/lib/armv7-m\libm.a(lib_a-s_finite.o)
 .ARM.attributes
                0x0000042b       0x2d c:/program files (x86)/cypress/psoc creator/4.4/psoc creator/import/gnu/arm/5.4.1/bin/../lib/gcc/arm-none-eabi/5.4.1/../../../../arm-none-eabi/lib/armv7-m\libm.a(lib_a-s_lib_ver.o)
 .ARM.attributes
                0x00000458       0x2d c:/program files (x86)/cypress/psoc creator/4.4/psoc creator/import/gnu/arm/5.4.1/bin/../lib/gcc/arm-none-eabi/5.4.1/../../../../arm-none-eabi/lib/armv7-m\libm.a(lib_a-s_matherr.o)
 .ARM.attributes
                0x00000485       0x2d c:/program files (x86)/cypress/psoc creator/4.4/psoc creator/import/gnu/arm/5.4.1/bin/../lib/gcc/arm-none-eabi/5.4.1/../../../../arm-none-eabi/lib/armv7-m\libm.a(lib_a-s_nan.o)
 .ARM.attributes
                0x000004b2       0x2d c:/program files (x86)/cypress/psoc creator/4.4/psoc creator/import/gnu/arm/5.4.1/bin/../lib/gcc/arm-none-eabi/5.4.1/../../../../arm-none-eabi/lib/armv7-m\libm.a(lib_a-s_rint.o)
 .ARM.attributes
                0x000004df       0x2d c:/program files (x86)/cypress/psoc creator/4.4/psoc creator/import/gnu/arm/5.4.1/bin/../lib/gcc/arm-none-eabi/5.4.1/../../../../arm-none-eabi/lib/armv7-m\libm.a(lib_a-s_scalbn.o)
 .ARM.attributes
                0x0000050c       0x2d c:/program files (x86)/cypress/psoc creator/4.4/psoc creator/import/gnu/arm/5.4.1/bin/../lib/gcc/arm-none-eabi/5.4.1/../../../../arm-none-eabi/lib/armv7-m\libm.a(lib_a-s_copysign.o)
 .ARM.attributes
                0x00000539       0x1d c:/program files (x86)/cypress/psoc creator/4.4/psoc creator/import/gnu/arm/5.4.1/bin/../lib/gcc/arm-none-eabi/5.4.1/armv7-m\libgcc.a(_arm_addsubdf3.o)
 .ARM.attributes
                0x00000556       0x1d c:/program files (x86)/cypress/psoc creator/4.4/psoc creator/import/gnu/arm/5.4.1/bin/../lib/gcc/arm-none-eabi/5.4.1/armv7-m\libgcc.a(_arm_muldivdf3.o)
 .ARM.attributes
                0x00000573       0x1d c:/program files (x86)/cypress/psoc creator/4.4/psoc creator/import/gnu/arm/5.4.1/bin/../lib/gcc/arm-none-eabi/5.4.1/armv7-m\libgcc.a(_arm_cmpdf2.o)
 .ARM.attributes
                0x00000590       0x1d c:/program files (x86)/cypress/psoc creator/4.4/psoc creator/import/gnu/arm/5.4.1/bin/../lib/gcc/arm-none-eabi/5.4.1/armv7-m\libgcc.a(_arm_unorddf2.o)
 .ARM.attributes
                0x000005ad       0x1d c:/program files (x86)/cypress/psoc creator/4.4/psoc creator/import/gnu/arm/5.4.1/bin/../lib/gcc/arm-none-eabi/5.4.1/armv7-m\libgcc.a(_arm_fixdfsi.o)
 .ARM.attributes
                0x000005ca       0x1d c:/program files (x86)/cypress/psoc creator/4.4/psoc creator/import/gnu/arm/5.4.1/bin/../lib/gcc/arm-none-eabi/5.4.1/armv7-m\libgcc.a(_arm_fixunsdfsi.o)
 .ARM.attributes
                0x000005e7       0x2d c:/program files (x86)/cypress/psoc creator/4.4/psoc creator/import/gnu/arm/5.4.1/bin/../lib/gcc/arm-none-eabi/5.4.1/../../../../arm-none-eabi/lib/armv7-m\libg_nano.a(lib_a-errno.o)
 .ARM.attributes
                0x00000614       0x2d c:/program files (x86)/cypress/psoc creator/4.4/psoc creator/import/gnu/arm/5.4.1/bin/../lib/gcc/arm-none-eabi/5.4.1/../../../../arm-none-eabi/lib/armv7-m\libg_nano.a(lib_a-exit.o)
 .ARM.attributes
                0x00000641       0x2d c:/program files (x86)/cypress/psoc creator/4.4/psoc creator/import/gnu/arm/5.4.1/bin/../lib/gcc/arm-none-eabi/5.4.1/../../../../arm-none-eabi/lib/armv7-m\libg_nano.a(lib_a-impure.o)
 .ARM.attributes
                0x0000066e       0x2d c:/program files (x86)/cypress/psoc creator/4.4/psoc creator/import/gnu/arm/5.4.1/bin/../lib/gcc/arm-none-eabi/5.4.1/../../../../arm-none-eabi/lib/armv7-m\libg_nano.a(lib_a-init.o)
 .ARM.attributes
                0x0000069b       0x2d c:/program files (x86)/cypress/psoc creator/4.4/psoc creator/import/gnu/arm/5.4.1/bin/../lib/gcc/arm-none-eabi/5.4.1/../../../../arm-none-eabi/lib/armv7-m\libg_nano.a(lib_a-memcpy-stub.o)
 .ARM.attributes
                0x000006c8       0x2d c:/program files (x86)/cypress/psoc creator/4.4/psoc creator/import/gnu/arm/5.4.1/bin/../lib/gcc/arm-none-eabi/5.4.1/../../../../arm-none-eabi/lib/armv7-m\libg_nano.a(lib_a-memset.o)
 .ARM.attributes
                0x000006f5       0x2d c:/program files (x86)/cypress/psoc creator/4.4/psoc creator/import/gnu/arm/5.4.1/bin/../lib/gcc/arm-none-eabi/5.4.1/armv7-m/crtend.o
 .ARM.attributes
                0x00000722       0x1d c:/program files (x86)/cypress/psoc creator/4.4/psoc creator/import/gnu/arm/5.4.1/bin/../lib/gcc/arm-none-eabi/5.4.1/armv7-m/crtn.o

/DISCARD/
 *(.note.GNU-stack)
OUTPUT(C:\Users\Catherine\Desktop\Monash\0. 2021\1. Sem 1\TRC3500\Heart Rate Monitor\Repo\HR-Mon\Heart Rate Monitor Workspace\HRMon.cydsn\CortexM3\ARM_GCC_541\Debug\HRMon.elf elf32-littlearm)
